这是一个测试文件，用于验证Orion Code的文件写入功能。
创建时间：${new Date().toISOString()}
测试状态：成功！